// Jest Snapshot v1, https://goo.gl/fbAQLP

exports[`Alternative Site Logo can upload svg file 1`] = `
"<!-- wp:alternative-site-logo/alternative-site-logo {\\"svgTag\\":\\"\\\\u003csvg xmlns=\\\\u0022http://www.w3.org/2000/svg\\\\u0022 fill=\\\\u0022none\\\\u0022 viewBox=\\\\u00220 0 796 385\\\\u0022 height=\\\\u0022385\\\\u0022 width=\\\\u0022796\\\\u0022\\\\u003e\\\\n\\\\u003cpath fill=\\\\u0022black\\\\u0022 d=\\\\u0022M124.127 217.827C126.578 217.856 129.058 217.914 132.979 217.972C131.364 210.948 130.038 205.226 128.452 198.376C103.396 208.289 84.0777 223.001 63.981 239.851C60.9246 238.724 56.4266 237.048 50.66 234.909C53.4857 231.874 54.5525 230.053 56.1383 229.099C74.9088 217.712 92.5547 204.821 112.363 194.705C144.397 178.346 179.228 173.375 213.049 164.184C224.928 160.947 225.476 159.733 222.045 147.912C214.548 122.102 207.34 96.2052 200.103 70.3373C199.67 68.8055 199.93 67.0714 199.872 64.9326C206.533 64.4412 208.637 67.8806 210.137 73.2565C216.826 97.1879 223.66 121.09 230.839 144.906C234.328 156.496 236.173 157.421 247.764 154.068C253.848 152.305 259.788 149.848 265.497 147.074C287.006 136.64 308.429 126.062 329.737 115.252C335.071 112.535 339.858 108.749 344.875 105.454C345.97 106.35 347.066 107.217 348.19 108.113C346.864 111.177 346.316 115.107 344.067 117.16C340.088 120.772 335.273 123.72 330.429 126.177C308.833 137.016 287.208 147.796 265.381 158.086C260.826 160.224 255.174 159.82 250.186 161.236C246.697 162.219 243.497 164.3 238.019 166.901C243.324 199.619 249.725 233.406 264.43 266.384C261.95 264.678 258.346 263.522 257.193 261.181C250.936 248.291 244.391 235.429 239.72 221.932C235.308 209.157 233.78 195.399 229.57 182.537C227.956 177.624 222.506 173.982 220.027 171.15C191.568 178.549 165.215 185.428 138.025 192.509C140.13 200.052 142.869 207.567 144.253 215.342C145.954 224.793 146.156 234.475 147.684 243.955C150.365 260.834 152.874 277.8 156.738 294.448C160.428 310.373 165.33 326.039 170.549 341.53C172.423 347.109 176.69 351.878 179.891 357.022C179.256 357.889 178.622 358.785 177.988 359.652C174.412 357.369 169.482 355.866 167.55 352.6C162.36 343.698 156.853 334.449 154.316 324.622C147.194 296.934 141.514 268.898 135.257 241.007C135.026 239.909 134.594 238.868 134.248 237.828C132.864 236.961 131.48 236.094 130.096 235.227C129.894 237.51 130.47 240.256 129.404 241.99C122.685 252.944 115.938 263.898 108.528 274.361C102.848 282.396 97.1392 290.893 89.7291 297.194C67.268 316.27 52.2747 312.743 31.1975 296.992C13.6092 283.841 9.77442 264.65 4.58444 245.256C-0.922716 224.706 -0.173051 204.099 0.490114 183.347C0.63428 178.578 1.93178 173.78 3.22927 169.126C10.4953 143.345 20.7599 119.154 41.9235 101.465C63.2601 83.6325 82.2612 86.7251 101.061 104.124C114.237 116.321 118.072 131.524 123.55 146.64C122.484 147.421 121.417 148.201 120.35 148.981C117.496 145.513 113.718 142.449 111.931 138.49C106.943 127.478 103.771 115.714 93.7081 107.506C82.6649 98.5174 69.9206 97.0723 57.8683 104.876C39.9629 116.379 28.4584 132.969 20.1832 152.363C10.3799 175.312 7.26593 198.809 11.4468 223.377C13.8399 237.481 15.2527 251.846 18.8281 265.632C23.0377 281.991 33.1582 294.448 49.6508 300.026C59.3676 303.321 68.3925 299.217 75.3124 292.945C93.3621 276.586 109.855 258.753 118.505 235.198C120.609 229.446 122.311 223.55 124.185 217.712L124.127 217.827ZM148.52 186.699C149.731 186.323 150.971 185.948 152.182 185.601C152.009 185.283 151.865 184.994 151.692 184.676C150.654 185.399 149.645 186.092 148.607 186.815C147.886 187.046 147.165 187.277 148.289 186.93C147.424 187.711 147.972 187.219 148.52 186.699ZM95.2651 290.084L94.8037 289.621L94.5731 290.286L95.2651 290.084Z\\\\u0022\\\\u003e\\\\u003c/path\\\\u003e\\\\n\\\\u003cpath fill=\\\\u0022black\\\\u0022 d=\\\\u0022M790.435 192.74C784.669 188.578 778.931 184.416 773.164 180.254C772.126 180.919 771.088 181.583 770.079 182.219C772.616 188.173 774.606 194.474 777.864 200.023C783.054 208.868 790.58 216.613 794.357 225.949C799.806 239.331 791.127 249.389 776.653 247.395C767.023 246.065 757.565 243.377 751.856 233.753C750.905 232.163 746.205 232.279 743.293 232.51C727.233 233.724 710.971 239.851 695.314 231.123C690.903 228.666 687.212 224.88 683.147 221.642C686.145 261.066 680.869 301.876 700.995 339.334C699.755 340.143 698.515 340.952 697.304 341.762C694.017 339.016 688.913 336.848 687.789 333.38C683.118 318.929 679.543 304.13 675.737 289.39C674.67 285.257 674.151 281.008 673.372 276.731C660.541 280.199 659.763 279.881 644.337 265.141C640.3 273.291 636.84 281.442 632.4 289.014C624.932 301.818 622.02 301.963 612.015 291.384C610.862 290.171 609.622 289.014 607.373 286.789C600.914 293.61 594.802 300.142 588.602 306.616C574.964 320.865 564.7 325.085 549.562 313.726C543.248 308.986 539.24 315.634 536.443 319.767C530.33 328.813 525.227 338.496 519.72 347.918C518.595 349.854 517.471 351.791 514.905 356.242C511.56 351.011 507.206 347.311 507.091 343.525C506.514 324.883 507.091 306.211 507.235 287.511C516.663 286.066 518.653 289.332 517.73 296.558C516.577 305.605 516.317 314.738 515.51 326.328C525.775 316.356 534.05 308.553 542.008 300.489C543.507 298.986 543.911 296.356 544.747 294.217C549.908 280.864 554.579 267.251 560.403 254.187C563.806 246.585 577.156 249.042 583.499 258.002C590.477 267.858 590.275 271.066 580.99 278.927C575.916 283.205 570.12 286.644 565.017 290.864C561.96 293.379 558.529 296.298 557.174 299.795C556.05 302.656 556.684 307.483 558.529 309.824C559.913 311.587 565.68 312.339 567.496 310.923C587.276 295.691 608.469 281.384 611.64 253.262C612.044 249.562 613.111 245.892 614.177 242.279C614.754 240.371 615.504 238.001 616.974 236.99C619.541 235.198 624.759 232.597 625.307 233.261C631.449 240.747 646.355 223.059 648.72 242.077C649.729 250.314 650.306 260.314 659.965 266.037C667.98 260.834 673.084 253.984 672.651 244.1C671.988 228.521 670.374 212.943 670.229 197.335C670.114 184.156 672.421 170.947 672.104 157.797C671.729 143.114 669.595 128.518 668.211 113.865C667.923 110.83 667.663 107.795 667.346 104.327C675.275 104.182 676.919 109.327 678.159 114.183C684.848 139.935 685.915 165.976 682.426 192.364C681.474 199.532 682.311 206.931 683.435 215.082C697.592 197.451 715.728 194.965 735.508 198.607C738.305 199.127 740.698 201.642 743.034 204.706C724.84 204.821 706.646 202.914 696.641 222.481C700.62 228.608 749.579 230.082 759.901 224.302C761.804 228.55 763.159 235.978 765.725 236.412C772.097 237.51 779.017 235.458 786.312 234.591C785.966 222.192 779.075 215.082 773.135 207.336C763.707 194.994 757.335 181.468 759.094 164.068C774.635 168.23 785.072 177.161 792.108 190.485C791.502 191.179 790.983 191.959 790.435 192.74ZM618.243 285.835C619.8 286.211 621.328 286.616 622.885 286.991C632.314 277.309 634.62 264.158 638.196 251.701C638.542 250.458 636.091 247.684 634.332 246.846C633.352 246.354 630.526 247.944 629.661 249.302C626.951 253.493 623.865 257.8 622.568 262.54C620.434 270.112 619.598 278.06 618.243 285.835ZM558.904 280.662C559.913 281.644 560.951 282.656 561.96 283.639C566.458 279.043 571.764 274.968 575.08 269.65C576.579 267.251 574.07 262.337 573.378 258.58C572.513 258.58 571.677 258.58 570.812 258.58C566.862 265.921 562.883 273.291 558.904 280.662Z\\\\u0022\\\\u003e\\\\u003c/path\\\\u003e\\\\n\\\\u003cpath fill=\\\\u0022black\\\\u0022 d=\\\\u0022M357.042 173.635C359.464 168.115 360.762 164.993 362.203 161.959C368.028 149.473 378.754 147.478 388.442 157.074C390.489 159.097 391.786 162.074 394.122 163.519C396.919 165.254 401.503 167.595 403.406 166.439C406.03 164.849 408.827 159.849 408.193 157.074C404.3 140.282 399.024 123.807 395.073 107.015C391.873 93.4016 390.143 79.4128 387.26 65.7129C385.011 55.019 382.329 44.3828 379.215 33.8912C376.101 23.4284 372.209 13.2258 368.489 2.44515C375.005 -1.51451 378.783 3.28332 380.311 7.70542C386.741 26.0875 392.796 44.643 398.043 63.4007C400.898 73.6034 401.215 84.4996 403.983 94.7023C404.848 97.8526 409.749 100.714 413.382 102.159C421.6 105.367 430.682 106.61 438.467 110.541C447.002 114.847 449.251 129.732 443.917 139.386C441.12 144.415 438.64 150.369 434.344 153.721C421.34 163.837 421.11 176.092 426.848 190.081C426.04 190.659 425.233 191.208 424.426 191.786C422.205 189.503 419.409 187.566 417.938 184.878C416.064 181.41 415.257 177.364 413.988 173.549C413.411 174.387 412.835 175.225 412.258 176.034C401.936 170.976 391.469 166.15 381.32 160.803C376.62 158.317 374.285 159.618 373.016 164.242C371.43 170.109 370.19 176.092 368.374 181.873C365.865 189.792 360.848 191.266 354.937 185.428C351.535 182.075 349.286 177.508 346.547 173.462C344.413 170.283 342.308 167.074 340.261 163.982C331.236 177.884 322.904 190.746 313.418 205.428C308.256 202.971 302.807 200.948 297.992 197.942C291.043 193.607 285.478 186.699 275.934 187.711C274.493 187.855 272.791 185.832 268.87 183.318C274.781 182.624 278.183 182.219 281.672 181.815C281.413 177.624 280.548 173.549 281.067 169.676C281.557 166.063 282.854 160.34 285.074 159.646C288.506 158.577 293.407 160.253 296.954 162.132C300.097 163.779 302.403 167.19 304.854 170.051C311.313 177.682 310.794 180.919 301.567 190.399C304.162 195.486 307.795 195.399 310.39 191.035C317.281 179.474 323.509 167.537 330.141 155.831C331.842 152.825 334.408 147.652 336.023 147.825C340.002 148.317 344.903 150.455 347.181 153.606C351.045 158.866 353.15 165.427 357.042 173.635ZM418.025 149.588C419.178 149.935 420.331 150.311 421.485 150.658C424.973 144.762 429.27 139.154 431.692 132.854C433.479 128.2 435.094 120.57 432.73 117.94C428.549 113.258 421.369 111.061 415.112 108.691C414.276 108.373 409.634 113.547 409.98 115.541C412.114 126.986 415.228 138.258 418.025 149.588ZM294.532 176.497C295.195 176.41 295.887 176.294 296.55 176.208C295.858 174.502 295.195 172.768 294.503 171.063C294.013 171.236 293.523 171.41 293.032 171.583C293.551 173.231 294.042 174.849 294.532 176.497Z\\\\u0022\\\\u003e\\\\u003c/path\\\\u003e\\\\n\\\\u003cpath fill=\\\\u0022black\\\\u0022 d=\\\\u0022M454.239 385C450.981 381.069 446.223 377.63 444.666 373.092C435.469 346.184 429.269 318.697 429.702 289.91C430.019 268.378 429.01 246.817 428.549 223.897C413.728 230.111 398.85 236.123 384.174 242.597C376.245 246.094 372.727 244.851 370.363 236.412C384.722 230.718 399.11 224.995 413.498 219.272C420.85 216.353 429.125 215.197 432.499 205.833C433.162 204.012 439.361 203.867 443.081 203.549C447.78 203.145 452.74 204.214 457.209 203.145C477.133 198.318 496.97 193.029 516.807 187.74C520.671 186.699 524.477 185.225 528.168 183.664C534.28 181.063 539.759 181.179 546.015 187.48C510.839 197.48 476.873 207.104 442.879 216.758C443.052 217.625 443.225 218.521 443.398 219.388C445.474 220.544 447.55 221.671 451.096 223.637C448.645 226.614 446.483 228.955 444.695 231.556C443.023 233.955 440.457 236.672 440.514 239.186C440.86 253.724 441.87 268.262 442.821 285.228C450.952 281.933 457.641 279.159 464.417 276.5C477.998 271.21 491.376 265.257 505.303 261.066C511.502 259.187 515.74 257.655 517.153 250.805C518.134 246.036 519.806 241.181 522.228 237.019C523.497 234.822 527.706 232.279 529.494 232.914C532.204 233.897 535.116 237.192 535.866 240.053C537.423 246.094 523.612 270.575 517.816 273.58C510.522 264.765 506.86 265.372 496.393 270.69C480.362 278.841 466.81 292.194 447.953 294.708C446.368 294.911 444.897 296.124 443.6 296.76C441.524 326.819 446.281 355.404 457.987 382.948C456.748 383.555 455.508 384.277 454.239 385Z\\\\u0022\\\\u003e\\\\u003c/path\\\\u003e\\\\n\\\\u003cpath fill=\\\\u0022black\\\\u0022 d=\\\\u0022M534.28 125.021C530.128 123.547 524.131 123.287 522.718 120.599C515.625 107.159 509.714 93.1126 503.112 78.6902C511.675 75.771 516.144 80.1353 519.172 85.8581C522.055 91.3496 523.785 97.4769 526.64 104.934C539.009 88.9217 556.251 87.4766 573.148 84.6731C570.899 72.3316 568.534 60.8573 566.833 49.2963C566.372 46.2326 567.929 42.8799 568.534 39.6428C571.764 40.3076 576.29 39.874 577.992 41.8394C585.95 51.146 594.109 60.5394 599.991 71.1466C601.837 74.4704 596.82 81.6672 594.888 87.072C594.023 89.4998 593.043 91.8698 592.12 94.2687C592.927 94.6734 593.763 95.1069 594.571 95.5115C604.951 90.3669 615.331 85.2222 625.682 80.0486C626.287 81.0024 626.922 81.9562 627.527 82.9389C625.855 84.5285 624.269 86.2627 622.453 87.65C617.205 91.7253 611.755 95.5115 606.565 99.6735C601.548 103.691 599.098 107.795 601.635 115.339C603.307 120.339 601.866 128.403 598.607 132.622C591.601 141.698 581.855 148.085 569.313 145.166C562.508 143.577 560.663 136.206 565.507 128.952C569.659 122.738 574.503 116.813 579.895 111.668C585.142 106.668 583.47 101.87 580.068 97.9394C578.078 95.6271 573.609 94.5866 570.235 94.5577C565.42 94.5288 560.605 96.1763 555.761 96.6965C543.882 97.9394 538.23 104.818 534.28 125.021ZM592.61 122.94C591.226 121.784 589.813 120.628 588.429 119.472C584.393 124.27 580.356 129.067 576.319 133.865C577.703 134.992 579.087 136.149 580.471 137.276C584.508 132.507 588.573 127.709 592.61 122.94ZM582.864 76.0312C584.075 76.2046 585.286 76.378 586.497 76.5514C586.526 73.4877 586.526 70.4241 586.555 67.3604C585.632 67.3315 584.681 67.3026 583.758 67.3026C583.441 70.1928 583.153 73.112 582.864 76.0312Z\\\\u0022\\\\u003e\\\\u003c/path\\\\u003e\\\\n\\\\u003cpath fill=\\\\u0022black\\\\u0022 d=\\\\u0022M190.501 259.187C202.929 245.603 203.361 230.024 206.129 215.689C214.289 215.602 214.289 215.602 232.483 240.747C227.437 237.799 222.42 234.851 215.125 230.602C214.26 236.73 214.693 242.163 212.617 246.325C208.897 253.724 205.033 262.337 198.69 266.788C192.001 271.499 185.023 264.939 180.467 259.216C168.184 243.869 165.186 225.891 168.329 207.018C170.087 196.468 175.22 195.457 183.927 203.058C174.643 222.567 180.612 240.111 190.501 259.187Z\\\\u0022\\\\u003e\\\\u003c/path\\\\u003e\\\\n\\\\u003cpath fill=\\\\u0022black\\\\u0022 d=\\\\u0022M453.605 132.333C453.144 126.38 452.74 122.218 452.48 118.056C452.019 111.09 451.644 104.153 451.241 97.1879C457.353 98.4885 463.466 99.7602 469.521 101.176C470.905 101.494 472.174 102.304 473.413 103.026C490.656 112.709 491.175 116.321 477.594 130.108C476.643 131.062 476.095 132.42 475.374 133.547C487.023 142.218 497.547 134.414 507.004 110.599C509.628 118.605 506.081 134.241 500.632 138.923C481.487 155.427 467.416 138.201 453.605 132.333ZM467.503 123.663C468.685 123.894 469.867 124.096 471.049 124.327C472.692 121.726 476.297 117.622 475.634 116.755C472.75 112.94 468.627 110.05 464.965 106.812C464.1 107.564 463.206 108.315 462.341 109.067C464.071 113.922 465.801 118.807 467.503 123.663Z\\\\u0022\\\\u003e\\\\u003c/path\\\\u003e\\\\n\\\\u003cpath fill=\\\\u0022black\\\\u0022 d=\\\\u0022M790.435 192.74C790.983 191.959 791.531 191.208 792.079 190.428C793.376 191.699 794.674 192.971 795.942 194.243C795.51 194.821 795.077 195.37 794.645 195.948C793.232 194.85 791.819 193.78 790.435 192.74Z\\\\u0022\\\\u003e\\\\u003c/path\\\\u003e\\\\n\\\\u003cpath fill=\\\\u0022black\\\\u0022 d=\\\\u0022M429.443 196.121C428.52 195.948 427.568 195.775 426.646 195.572C427.28 194.908 427.857 194.185 428.578 193.636C428.664 193.549 429.385 194.272 429.789 194.619C429.673 195.11 429.558 195.63 429.443 196.121Z\\\\u0022\\\\u003e\\\\u003c/path\\\\u003e\\\\n\\\\u003cpath fill=\\\\u0022black\\\\u0022 d=\\\\u0022M124.214 217.712C123.579 217.394 122.945 217.076 123.954 217.596C123.291 216.7 123.695 217.249 124.127 217.827L124.214 217.712Z\\\\u0022\\\\u003e\\\\u003c/path\\\\u003e\\\\n\\\\u003cpath fill=\\\\u0022black\\\\u0022 d=\\\\u0022M338.445 189.098C338.243 189.127 338.041 189.185 337.839 189.214C337.868 188.896 337.868 188.549 337.897 188.231C338.099 188.318 338.387 188.318 338.502 188.491C338.589 188.607 338.474 188.867 338.445 189.098Z\\\\u0022\\\\u003e\\\\u003c/path\\\\u003e\\\\n\\\\u003cpath fill=\\\\u0022black\\\\u0022 d=\\\\u0022M765.437 219.099L765.293 218.55L765.811 218.665L765.437 219.099Z\\\\u0022\\\\u003e\\\\u003c/path\\\\u003e\\\\n\\\\u003cpath fill=\\\\u0022black\\\\u0022 d=\\\\u0022M107.663 360.346C107.75 360.115 107.75 359.71 107.894 359.652C108.096 359.566 108.384 359.768 108.644 359.826C108.557 360.086 108.5 360.317 108.413 360.577C108.154 360.52 107.923 360.433 107.663 360.346Z\\\\u0022\\\\u003e\\\\u003c/path\\\\u003e\\\\n\\\\u003cpath fill=\\\\u0022black\\\\u0022 d=\\\\u0022M148.636 186.786C149.674 186.063 150.683 185.37 151.721 184.647C151.894 184.965 152.038 185.254 152.211 185.572C151 185.948 149.76 186.323 148.549 186.67L148.636 186.786Z\\\\u0022\\\\u003e\\\\u003c/path\\\\u003e\\\\n\\\\u003cpath fill=\\\\u0022black\\\\u0022 d=\\\\u0022M148.52 186.699C147.972 187.219 147.425 187.711 148.318 186.902C147.194 187.277 147.915 187.046 148.636 186.786C148.636 186.786 148.52 186.699 148.52 186.699Z\\\\u0022\\\\u003e\\\\u003c/path\\\\u003e\\\\n\\\\u003cpath fill=\\\\u0022black\\\\u0022 d=\\\\u0022M95.2651 290.084L94.5732 290.315L94.8037 289.621L95.2651 290.084Z\\\\u0022\\\\u003e\\\\u003c/path\\\\u003e\\\\n\\\\u003cpath fill=\\\\u0022black\\\\u0022 d=\\\\u0022M467.503 123.663C465.773 118.807 464.043 113.922 462.341 109.067C463.206 108.315 464.1 107.564 464.965 106.812C468.627 110.05 472.75 112.94 475.634 116.755C476.297 117.622 472.692 121.726 471.049 124.327C469.867 124.096 468.685 123.894 467.503 123.663Z\\\\u0022\\\\u003e\\\\u003c/path\\\\u003e\\\\n\\\\u003c/svg\\\\u003e\\\\n\\"} -->
<div class=\\"wp-block-alternative-site-logo-alternative-site-logo\\"><svg xmlns=\\"http://www.w3.org/2000/svg\\" fill=\\"none\\" viewBox=\\"0 0 796 385\\" height=\\"385\\" width=\\"796\\">
<path fill=\\"black\\" d=\\"M124.127 217.827C126.578 217.856 129.058 217.914 132.979 217.972C131.364 210.948 130.038 205.226 128.452 198.376C103.396 208.289 84.0777 223.001 63.981 239.851C60.9246 238.724 56.4266 237.048 50.66 234.909C53.4857 231.874 54.5525 230.053 56.1383 229.099C74.9088 217.712 92.5547 204.821 112.363 194.705C144.397 178.346 179.228 173.375 213.049 164.184C224.928 160.947 225.476 159.733 222.045 147.912C214.548 122.102 207.34 96.2052 200.103 70.3373C199.67 68.8055 199.93 67.0714 199.872 64.9326C206.533 64.4412 208.637 67.8806 210.137 73.2565C216.826 97.1879 223.66 121.09 230.839 144.906C234.328 156.496 236.173 157.421 247.764 154.068C253.848 152.305 259.788 149.848 265.497 147.074C287.006 136.64 308.429 126.062 329.737 115.252C335.071 112.535 339.858 108.749 344.875 105.454C345.97 106.35 347.066 107.217 348.19 108.113C346.864 111.177 346.316 115.107 344.067 117.16C340.088 120.772 335.273 123.72 330.429 126.177C308.833 137.016 287.208 147.796 265.381 158.086C260.826 160.224 255.174 159.82 250.186 161.236C246.697 162.219 243.497 164.3 238.019 166.901C243.324 199.619 249.725 233.406 264.43 266.384C261.95 264.678 258.346 263.522 257.193 261.181C250.936 248.291 244.391 235.429 239.72 221.932C235.308 209.157 233.78 195.399 229.57 182.537C227.956 177.624 222.506 173.982 220.027 171.15C191.568 178.549 165.215 185.428 138.025 192.509C140.13 200.052 142.869 207.567 144.253 215.342C145.954 224.793 146.156 234.475 147.684 243.955C150.365 260.834 152.874 277.8 156.738 294.448C160.428 310.373 165.33 326.039 170.549 341.53C172.423 347.109 176.69 351.878 179.891 357.022C179.256 357.889 178.622 358.785 177.988 359.652C174.412 357.369 169.482 355.866 167.55 352.6C162.36 343.698 156.853 334.449 154.316 324.622C147.194 296.934 141.514 268.898 135.257 241.007C135.026 239.909 134.594 238.868 134.248 237.828C132.864 236.961 131.48 236.094 130.096 235.227C129.894 237.51 130.47 240.256 129.404 241.99C122.685 252.944 115.938 263.898 108.528 274.361C102.848 282.396 97.1392 290.893 89.7291 297.194C67.268 316.27 52.2747 312.743 31.1975 296.992C13.6092 283.841 9.77442 264.65 4.58444 245.256C-0.922716 224.706 -0.173051 204.099 0.490114 183.347C0.63428 178.578 1.93178 173.78 3.22927 169.126C10.4953 143.345 20.7599 119.154 41.9235 101.465C63.2601 83.6325 82.2612 86.7251 101.061 104.124C114.237 116.321 118.072 131.524 123.55 146.64C122.484 147.421 121.417 148.201 120.35 148.981C117.496 145.513 113.718 142.449 111.931 138.49C106.943 127.478 103.771 115.714 93.7081 107.506C82.6649 98.5174 69.9206 97.0723 57.8683 104.876C39.9629 116.379 28.4584 132.969 20.1832 152.363C10.3799 175.312 7.26593 198.809 11.4468 223.377C13.8399 237.481 15.2527 251.846 18.8281 265.632C23.0377 281.991 33.1582 294.448 49.6508 300.026C59.3676 303.321 68.3925 299.217 75.3124 292.945C93.3621 276.586 109.855 258.753 118.505 235.198C120.609 229.446 122.311 223.55 124.185 217.712L124.127 217.827ZM148.52 186.699C149.731 186.323 150.971 185.948 152.182 185.601C152.009 185.283 151.865 184.994 151.692 184.676C150.654 185.399 149.645 186.092 148.607 186.815C147.886 187.046 147.165 187.277 148.289 186.93C147.424 187.711 147.972 187.219 148.52 186.699ZM95.2651 290.084L94.8037 289.621L94.5731 290.286L95.2651 290.084Z\\"></path>
<path fill=\\"black\\" d=\\"M790.435 192.74C784.669 188.578 778.931 184.416 773.164 180.254C772.126 180.919 771.088 181.583 770.079 182.219C772.616 188.173 774.606 194.474 777.864 200.023C783.054 208.868 790.58 216.613 794.357 225.949C799.806 239.331 791.127 249.389 776.653 247.395C767.023 246.065 757.565 243.377 751.856 233.753C750.905 232.163 746.205 232.279 743.293 232.51C727.233 233.724 710.971 239.851 695.314 231.123C690.903 228.666 687.212 224.88 683.147 221.642C686.145 261.066 680.869 301.876 700.995 339.334C699.755 340.143 698.515 340.952 697.304 341.762C694.017 339.016 688.913 336.848 687.789 333.38C683.118 318.929 679.543 304.13 675.737 289.39C674.67 285.257 674.151 281.008 673.372 276.731C660.541 280.199 659.763 279.881 644.337 265.141C640.3 273.291 636.84 281.442 632.4 289.014C624.932 301.818 622.02 301.963 612.015 291.384C610.862 290.171 609.622 289.014 607.373 286.789C600.914 293.61 594.802 300.142 588.602 306.616C574.964 320.865 564.7 325.085 549.562 313.726C543.248 308.986 539.24 315.634 536.443 319.767C530.33 328.813 525.227 338.496 519.72 347.918C518.595 349.854 517.471 351.791 514.905 356.242C511.56 351.011 507.206 347.311 507.091 343.525C506.514 324.883 507.091 306.211 507.235 287.511C516.663 286.066 518.653 289.332 517.73 296.558C516.577 305.605 516.317 314.738 515.51 326.328C525.775 316.356 534.05 308.553 542.008 300.489C543.507 298.986 543.911 296.356 544.747 294.217C549.908 280.864 554.579 267.251 560.403 254.187C563.806 246.585 577.156 249.042 583.499 258.002C590.477 267.858 590.275 271.066 580.99 278.927C575.916 283.205 570.12 286.644 565.017 290.864C561.96 293.379 558.529 296.298 557.174 299.795C556.05 302.656 556.684 307.483 558.529 309.824C559.913 311.587 565.68 312.339 567.496 310.923C587.276 295.691 608.469 281.384 611.64 253.262C612.044 249.562 613.111 245.892 614.177 242.279C614.754 240.371 615.504 238.001 616.974 236.99C619.541 235.198 624.759 232.597 625.307 233.261C631.449 240.747 646.355 223.059 648.72 242.077C649.729 250.314 650.306 260.314 659.965 266.037C667.98 260.834 673.084 253.984 672.651 244.1C671.988 228.521 670.374 212.943 670.229 197.335C670.114 184.156 672.421 170.947 672.104 157.797C671.729 143.114 669.595 128.518 668.211 113.865C667.923 110.83 667.663 107.795 667.346 104.327C675.275 104.182 676.919 109.327 678.159 114.183C684.848 139.935 685.915 165.976 682.426 192.364C681.474 199.532 682.311 206.931 683.435 215.082C697.592 197.451 715.728 194.965 735.508 198.607C738.305 199.127 740.698 201.642 743.034 204.706C724.84 204.821 706.646 202.914 696.641 222.481C700.62 228.608 749.579 230.082 759.901 224.302C761.804 228.55 763.159 235.978 765.725 236.412C772.097 237.51 779.017 235.458 786.312 234.591C785.966 222.192 779.075 215.082 773.135 207.336C763.707 194.994 757.335 181.468 759.094 164.068C774.635 168.23 785.072 177.161 792.108 190.485C791.502 191.179 790.983 191.959 790.435 192.74ZM618.243 285.835C619.8 286.211 621.328 286.616 622.885 286.991C632.314 277.309 634.62 264.158 638.196 251.701C638.542 250.458 636.091 247.684 634.332 246.846C633.352 246.354 630.526 247.944 629.661 249.302C626.951 253.493 623.865 257.8 622.568 262.54C620.434 270.112 619.598 278.06 618.243 285.835ZM558.904 280.662C559.913 281.644 560.951 282.656 561.96 283.639C566.458 279.043 571.764 274.968 575.08 269.65C576.579 267.251 574.07 262.337 573.378 258.58C572.513 258.58 571.677 258.58 570.812 258.58C566.862 265.921 562.883 273.291 558.904 280.662Z\\"></path>
<path fill=\\"black\\" d=\\"M357.042 173.635C359.464 168.115 360.762 164.993 362.203 161.959C368.028 149.473 378.754 147.478 388.442 157.074C390.489 159.097 391.786 162.074 394.122 163.519C396.919 165.254 401.503 167.595 403.406 166.439C406.03 164.849 408.827 159.849 408.193 157.074C404.3 140.282 399.024 123.807 395.073 107.015C391.873 93.4016 390.143 79.4128 387.26 65.7129C385.011 55.019 382.329 44.3828 379.215 33.8912C376.101 23.4284 372.209 13.2258 368.489 2.44515C375.005 -1.51451 378.783 3.28332 380.311 7.70542C386.741 26.0875 392.796 44.643 398.043 63.4007C400.898 73.6034 401.215 84.4996 403.983 94.7023C404.848 97.8526 409.749 100.714 413.382 102.159C421.6 105.367 430.682 106.61 438.467 110.541C447.002 114.847 449.251 129.732 443.917 139.386C441.12 144.415 438.64 150.369 434.344 153.721C421.34 163.837 421.11 176.092 426.848 190.081C426.04 190.659 425.233 191.208 424.426 191.786C422.205 189.503 419.409 187.566 417.938 184.878C416.064 181.41 415.257 177.364 413.988 173.549C413.411 174.387 412.835 175.225 412.258 176.034C401.936 170.976 391.469 166.15 381.32 160.803C376.62 158.317 374.285 159.618 373.016 164.242C371.43 170.109 370.19 176.092 368.374 181.873C365.865 189.792 360.848 191.266 354.937 185.428C351.535 182.075 349.286 177.508 346.547 173.462C344.413 170.283 342.308 167.074 340.261 163.982C331.236 177.884 322.904 190.746 313.418 205.428C308.256 202.971 302.807 200.948 297.992 197.942C291.043 193.607 285.478 186.699 275.934 187.711C274.493 187.855 272.791 185.832 268.87 183.318C274.781 182.624 278.183 182.219 281.672 181.815C281.413 177.624 280.548 173.549 281.067 169.676C281.557 166.063 282.854 160.34 285.074 159.646C288.506 158.577 293.407 160.253 296.954 162.132C300.097 163.779 302.403 167.19 304.854 170.051C311.313 177.682 310.794 180.919 301.567 190.399C304.162 195.486 307.795 195.399 310.39 191.035C317.281 179.474 323.509 167.537 330.141 155.831C331.842 152.825 334.408 147.652 336.023 147.825C340.002 148.317 344.903 150.455 347.181 153.606C351.045 158.866 353.15 165.427 357.042 173.635ZM418.025 149.588C419.178 149.935 420.331 150.311 421.485 150.658C424.973 144.762 429.27 139.154 431.692 132.854C433.479 128.2 435.094 120.57 432.73 117.94C428.549 113.258 421.369 111.061 415.112 108.691C414.276 108.373 409.634 113.547 409.98 115.541C412.114 126.986 415.228 138.258 418.025 149.588ZM294.532 176.497C295.195 176.41 295.887 176.294 296.55 176.208C295.858 174.502 295.195 172.768 294.503 171.063C294.013 171.236 293.523 171.41 293.032 171.583C293.551 173.231 294.042 174.849 294.532 176.497Z\\"></path>
<path fill=\\"black\\" d=\\"M454.239 385C450.981 381.069 446.223 377.63 444.666 373.092C435.469 346.184 429.269 318.697 429.702 289.91C430.019 268.378 429.01 246.817 428.549 223.897C413.728 230.111 398.85 236.123 384.174 242.597C376.245 246.094 372.727 244.851 370.363 236.412C384.722 230.718 399.11 224.995 413.498 219.272C420.85 216.353 429.125 215.197 432.499 205.833C433.162 204.012 439.361 203.867 443.081 203.549C447.78 203.145 452.74 204.214 457.209 203.145C477.133 198.318 496.97 193.029 516.807 187.74C520.671 186.699 524.477 185.225 528.168 183.664C534.28 181.063 539.759 181.179 546.015 187.48C510.839 197.48 476.873 207.104 442.879 216.758C443.052 217.625 443.225 218.521 443.398 219.388C445.474 220.544 447.55 221.671 451.096 223.637C448.645 226.614 446.483 228.955 444.695 231.556C443.023 233.955 440.457 236.672 440.514 239.186C440.86 253.724 441.87 268.262 442.821 285.228C450.952 281.933 457.641 279.159 464.417 276.5C477.998 271.21 491.376 265.257 505.303 261.066C511.502 259.187 515.74 257.655 517.153 250.805C518.134 246.036 519.806 241.181 522.228 237.019C523.497 234.822 527.706 232.279 529.494 232.914C532.204 233.897 535.116 237.192 535.866 240.053C537.423 246.094 523.612 270.575 517.816 273.58C510.522 264.765 506.86 265.372 496.393 270.69C480.362 278.841 466.81 292.194 447.953 294.708C446.368 294.911 444.897 296.124 443.6 296.76C441.524 326.819 446.281 355.404 457.987 382.948C456.748 383.555 455.508 384.277 454.239 385Z\\"></path>
<path fill=\\"black\\" d=\\"M534.28 125.021C530.128 123.547 524.131 123.287 522.718 120.599C515.625 107.159 509.714 93.1126 503.112 78.6902C511.675 75.771 516.144 80.1353 519.172 85.8581C522.055 91.3496 523.785 97.4769 526.64 104.934C539.009 88.9217 556.251 87.4766 573.148 84.6731C570.899 72.3316 568.534 60.8573 566.833 49.2963C566.372 46.2326 567.929 42.8799 568.534 39.6428C571.764 40.3076 576.29 39.874 577.992 41.8394C585.95 51.146 594.109 60.5394 599.991 71.1466C601.837 74.4704 596.82 81.6672 594.888 87.072C594.023 89.4998 593.043 91.8698 592.12 94.2687C592.927 94.6734 593.763 95.1069 594.571 95.5115C604.951 90.3669 615.331 85.2222 625.682 80.0486C626.287 81.0024 626.922 81.9562 627.527 82.9389C625.855 84.5285 624.269 86.2627 622.453 87.65C617.205 91.7253 611.755 95.5115 606.565 99.6735C601.548 103.691 599.098 107.795 601.635 115.339C603.307 120.339 601.866 128.403 598.607 132.622C591.601 141.698 581.855 148.085 569.313 145.166C562.508 143.577 560.663 136.206 565.507 128.952C569.659 122.738 574.503 116.813 579.895 111.668C585.142 106.668 583.47 101.87 580.068 97.9394C578.078 95.6271 573.609 94.5866 570.235 94.5577C565.42 94.5288 560.605 96.1763 555.761 96.6965C543.882 97.9394 538.23 104.818 534.28 125.021ZM592.61 122.94C591.226 121.784 589.813 120.628 588.429 119.472C584.393 124.27 580.356 129.067 576.319 133.865C577.703 134.992 579.087 136.149 580.471 137.276C584.508 132.507 588.573 127.709 592.61 122.94ZM582.864 76.0312C584.075 76.2046 585.286 76.378 586.497 76.5514C586.526 73.4877 586.526 70.4241 586.555 67.3604C585.632 67.3315 584.681 67.3026 583.758 67.3026C583.441 70.1928 583.153 73.112 582.864 76.0312Z\\"></path>
<path fill=\\"black\\" d=\\"M190.501 259.187C202.929 245.603 203.361 230.024 206.129 215.689C214.289 215.602 214.289 215.602 232.483 240.747C227.437 237.799 222.42 234.851 215.125 230.602C214.26 236.73 214.693 242.163 212.617 246.325C208.897 253.724 205.033 262.337 198.69 266.788C192.001 271.499 185.023 264.939 180.467 259.216C168.184 243.869 165.186 225.891 168.329 207.018C170.087 196.468 175.22 195.457 183.927 203.058C174.643 222.567 180.612 240.111 190.501 259.187Z\\"></path>
<path fill=\\"black\\" d=\\"M453.605 132.333C453.144 126.38 452.74 122.218 452.48 118.056C452.019 111.09 451.644 104.153 451.241 97.1879C457.353 98.4885 463.466 99.7602 469.521 101.176C470.905 101.494 472.174 102.304 473.413 103.026C490.656 112.709 491.175 116.321 477.594 130.108C476.643 131.062 476.095 132.42 475.374 133.547C487.023 142.218 497.547 134.414 507.004 110.599C509.628 118.605 506.081 134.241 500.632 138.923C481.487 155.427 467.416 138.201 453.605 132.333ZM467.503 123.663C468.685 123.894 469.867 124.096 471.049 124.327C472.692 121.726 476.297 117.622 475.634 116.755C472.75 112.94 468.627 110.05 464.965 106.812C464.1 107.564 463.206 108.315 462.341 109.067C464.071 113.922 465.801 118.807 467.503 123.663Z\\"></path>
<path fill=\\"black\\" d=\\"M790.435 192.74C790.983 191.959 791.531 191.208 792.079 190.428C793.376 191.699 794.674 192.971 795.942 194.243C795.51 194.821 795.077 195.37 794.645 195.948C793.232 194.85 791.819 193.78 790.435 192.74Z\\"></path>
<path fill=\\"black\\" d=\\"M429.443 196.121C428.52 195.948 427.568 195.775 426.646 195.572C427.28 194.908 427.857 194.185 428.578 193.636C428.664 193.549 429.385 194.272 429.789 194.619C429.673 195.11 429.558 195.63 429.443 196.121Z\\"></path>
<path fill=\\"black\\" d=\\"M124.214 217.712C123.579 217.394 122.945 217.076 123.954 217.596C123.291 216.7 123.695 217.249 124.127 217.827L124.214 217.712Z\\"></path>
<path fill=\\"black\\" d=\\"M338.445 189.098C338.243 189.127 338.041 189.185 337.839 189.214C337.868 188.896 337.868 188.549 337.897 188.231C338.099 188.318 338.387 188.318 338.502 188.491C338.589 188.607 338.474 188.867 338.445 189.098Z\\"></path>
<path fill=\\"black\\" d=\\"M765.437 219.099L765.293 218.55L765.811 218.665L765.437 219.099Z\\"></path>
<path fill=\\"black\\" d=\\"M107.663 360.346C107.75 360.115 107.75 359.71 107.894 359.652C108.096 359.566 108.384 359.768 108.644 359.826C108.557 360.086 108.5 360.317 108.413 360.577C108.154 360.52 107.923 360.433 107.663 360.346Z\\"></path>
<path fill=\\"black\\" d=\\"M148.636 186.786C149.674 186.063 150.683 185.37 151.721 184.647C151.894 184.965 152.038 185.254 152.211 185.572C151 185.948 149.76 186.323 148.549 186.67L148.636 186.786Z\\"></path>
<path fill=\\"black\\" d=\\"M148.52 186.699C147.972 187.219 147.425 187.711 148.318 186.902C147.194 187.277 147.915 187.046 148.636 186.786C148.636 186.786 148.52 186.699 148.52 186.699Z\\"></path>
<path fill=\\"black\\" d=\\"M95.2651 290.084L94.5732 290.315L94.8037 289.621L95.2651 290.084Z\\"></path>
<path fill=\\"black\\" d=\\"M467.503 123.663C465.773 118.807 464.043 113.922 462.341 109.067C463.206 108.315 464.1 107.564 464.965 106.812C468.627 110.05 472.75 112.94 475.634 116.755C476.297 117.622 472.692 121.726 471.049 124.327C469.867 124.096 468.685 123.894 467.503 123.663Z\\"></path>
</svg>
</div>
<!-- /wp:alternative-site-logo/alternative-site-logo -->"
`;

exports[`Alternative Site Logo should sanitize svg file 1`] = `
"<!-- wp:alternative-site-logo/alternative-site-logo {\\"svgTag\\":\\"\\\\u003csvg xmlns=\\\\u0022http://www.w3.org/2000/svg\\\\u0022 viewBox=\\\\u00220 0 10 10\\\\u0022\\\\u003e\\\\n  \\\\n\\\\n  \\\\u003ccircle r=\\\\u00224\\\\u0022 cy=\\\\u00225\\\\u0022 cx=\\\\u00225\\\\u0022\\\\u003e\\\\u003c/circle\\\\u003e\\\\n\\\\u003c/svg\\\\u003e\\"} -->
<div class=\\"wp-block-alternative-site-logo-alternative-site-logo\\"><svg xmlns=\\"http://www.w3.org/2000/svg\\" viewBox=\\"0 0 10 10\\">
  

  <circle r=\\"4\\" cy=\\"5\\" cx=\\"5\\"></circle>
</svg></div>
<!-- /wp:alternative-site-logo/alternative-site-logo -->"
`;
